
> remote-control-backend@0.0.1 build
> nest build

Found 220 error(s).

